   Compiling rustc-hash v2.1.2
   Compiling equivalent v1.0.2
    Checking futures-core v0.3.32
   Compiling schemars_derive v0.8.22
   Compiling erased-serde v0.4.10
   Compiling same-file v1.0.6
   Compiling unic-ucd-ident v0.9.0
   Compiling bit-set v0.8.0
   Compiling html5ever v0.38.0
   Compiling camino v1.2.2
   Compiling windows-targets v0.52.6
   Compiling time v0.3.47
   Compiling schemars v0.8.22
   Compiling crc32fast v1.5.0
   Compiling selectors v0.36.1
   Compiling indexmap v2.14.0
   Compiling vswhom-sys v0.1.3
   Compiling brotli-decompressor v5.0.0
   Compiling indexmap v1.9.3
   Compiling cfb v0.7.3
   Compiling regex v1.12.3
   Compiling jsonptr v0.6.3
   Compiling cargo-platform v0.1.9
   Compiling thiserror v1.0.69
   Compiling libc v0.2.186
    Checking icu_properties v2.2.0
    Checking icu_normalizer v2.2.0
    Checking socket2 v0.6.3
    Checking mio v1.2.0
   Compiling quick-xml v0.39.2
   Compiling base64 v0.22.1
   Compiling dunce v1.0.5
   Compiling serde_json v1.0.149
   Compiling bytes v1.11.1
   Compiling foldhash v0.2.0
   Compiling dyn-clone v1.0.20
   Compiling brotli v8.0.2
   Compiling walkdir v2.5.0
   Compiling windows-sys v0.59.0
   Compiling serde_with v3.18.0
    Checking form_urlencoded v1.2.2
   Compiling phf v0.11.3
   Compiling http v1.4.0
   Compiling anyhow v1.0.102
   Compiling ctor v0.8.0
    Checking windows-threading v0.1.0
   Compiling generic-array v0.14.7
    Checking tracing-core v0.1.36
    Checking zmij v1.0.21
    Checking powerfmt v0.2.0
   Compiling glob v0.3.3
   Compiling plist v1.9.0
   Compiling urlpattern v0.3.0
    Checking deranged v0.5.8
    Checking windows-future v0.2.1
   Compiling vswhom v0.1.0
    Checking windows-collections v0.2.0
    Checking windows-numerics v0.2.0
    Checking idna_adapter v1.2.2
   Compiling infer v0.19.0
   Compiling dom_query v0.27.0
    Checking idna v1.1.0
   Compiling json-patch v3.0.1
   Compiling serde-untagged v0.1.9
   Compiling cargo_metadata v0.19.2
   Compiling rustc_version v0.4.1
   Compiling toml_datetime v0.7.5+spec-1.1.0
   Compiling time-macros v0.2.27
   Compiling ring v0.17.14
   Compiling simd-adler32 v0.3.9
    Checking time-core v0.1.8
   Compiling winnow v0.7.15
   Compiling typenum v1.20.0
    Checking num-conv v0.2.1
   Compiling option-ext v0.2.0
    Checking log v0.4.29
    Checking url v2.5.8
    Checking windows v0.61.3
    Checking tokio v1.52.1
   Compiling dirs-sys v0.5.0
   Compiling webview2-com-sys v0.38.2
   Compiling tracing-attributes v0.1.31
    Checking aho-corasick v1.1.4
    Checking bitflags v2.11.1
   Compiling heck v0.5.0
   Compiling adler2 v2.0.1
    Checking regex-syntax v0.8.10
    Checking zeroize v1.8.2
    Checking raw-window-handle v0.6.2
   Compiling winreg v0.55.0
    Checking unic-char-range v0.9.0
   Compiling crossbeam-utils v0.8.21
    Checking unic-common v0.9.0
    Checking alloc-no-stdlib v2.0.4
    Checking rustls-pki-types v1.14.1
    Checking unic-char-property v0.9.0
   Compiling dirs v6.0.0
   Compiling embed-resource v3.0.9
    Checking unic-ucd-version v0.9.0
    Checking alloc-stdlib v0.2.2
   Compiling miniz_oxide v0.8.9
    Checking dpi v0.1.2
    Checking http-body v1.0.1
    Checking thiserror v2.0.18
   Compiling futures-macro v0.3.32
    Checking uuid v1.23.1
   Compiling cookie v0.18.1
   Compiling toml v0.9.12+spec-1.1.0
    Checking typeid v1.0.3
    Checking winapi-util v0.1.11
    Checking getrandom v0.2.17
    Checking winnow v1.0.2
    Checking slab v0.4.12
   Compiling tauri-utils v2.9.0
    Checking hashbrown v0.17.0
    Checking futures-task v0.3.32
    Checking fnv v1.0.7
    Checking siphasher v1.0.2
   Compiling httparse v1.10.1
    Checking untrusted v0.9.0
   Compiling windows_x86_64_msvc v0.48.5
    Checking byteorder v1.5.0
    Checking toml_parser v1.1.2+spec-1.1.0
    Checking phf_shared v0.11.3
   Compiling flate2 v1.1.9
   Compiling tauri-winres v0.3.6
    Checking regex-automata v0.4.14
    Checking tracing v0.1.44
   Compiling crypto-common v0.1.7
   Compiling block-buffer v0.10.4
   Compiling fdeflate v0.3.7
   Compiling webview2-com-macros v0.8.1
    Checking toml_datetime v1.1.1+spec-1.1.0
    Checking serde_spanned v1.1.1
    Checking futures-util v0.3.32
    Checking windows-version v0.1.7
    Checking toml_writer v1.1.1+spec-1.1.0
   Compiling rustls v0.23.40
    Checking tower-service v0.3.3
    Checking scopeguard v1.2.0
   Compiling bitflags v1.3.2
   Compiling cargo_toml v0.22.3
    Checking unicode-segmentation v1.13.2
    Checking try-lock v0.2.5
   Compiling digest v0.10.7
    Checking lock_api v0.4.14
    Checking crossbeam-channel v0.5.15
   Compiling png v0.17.16
    Checking want v0.3.1
    Checking toml v1.1.2+spec-1.1.0
    Checking futures-channel v0.3.32
    Checking parking_lot_core v0.9.12
    Checking atomic-waker v1.1.2
   Compiling cpufeatures v0.2.17
   Compiling tauri-runtime v2.11.0
   Compiling wry v0.55.0
    Checking subtle v2.6.1
    Checking semver v1.0.28
    Checking windows-targets v0.48.5
   Compiling sha2 v0.10.9
    Checking sync_wrapper v1.0.2
    Checking windows-result v0.1.2
    Checking parking_lot v0.12.5
    Checking windows-result v0.2.0
   Compiling num-traits v0.2.19
    Checking lazy_static v1.5.0
    Checking tower-layer v0.3.3
   Compiling getrandom v0.3.4
   Compiling tauri-runtime-wry v2.11.0
    Checking ipnet v2.12.0
   Compiling winapi v0.3.9
    Checking windows-strings v0.1.0
    Checking windows-core v0.54.0
   Compiling ico v0.5.0
    Checking windows-sys v0.48.0
    Checking keyboard-types v0.7.0
    Checking hyper v1.9.0
    Checking softbuffer v0.4.8
    Checking webpki-roots v1.0.7
   Compiling windows-implement v0.58.0
   Compiling windows-interface v0.58.0
    Checking tower v0.5.3
   Compiling serialize-to-javascript-impl v0.1.2
   Compiling cpal v0.15.3
    Checking futures-sink v0.3.32
    Checking ryu v1.0.23
    Checking iri-string v0.7.12
    Checking rustls-webpki v0.103.13
    Checking windows v0.54.0
    Checking sharded-slab v0.1.7
    Checking hyper-util v0.1.20
    Checking tokio-util v0.7.18
    Checking serde_urlencoded v0.7.1
    Checking http-body-util v0.1.3
    Checking tracing-log v0.2.0
    Checking dirs-sys v0.4.1
    Checking muda v0.19.1
   Compiling serde_repr v0.1.20
    Checking nu-ansi-term v0.50.3
    Checking thread_local v1.1.9
    Checking mime v0.3.17
    Checking dasp_sample v0.11.0
    Checking serialize-to-javascript v0.1.2
    Checking directories v5.0.1
    Checking hound v3.5.1
    Checking windows-core v0.58.0
    Checking tracing-subscriber v0.3.23
    Checking chrono v0.4.44
    Checking window-vibrancy v0.6.0
    Checking windows v0.58.0
    Checking rdev v0.5.3
    Checking tower-http v0.6.8
    Checking tokio-rustls v0.26.4
    Checking hyper-rustls v0.27.9
    Checking reqwest v0.12.28
   Compiling tauri-build v2.6.0
   Compiling tauri-codegen v2.6.0
   Compiling tauri v2.11.0
   Compiling voice-keyboard v0.1.0 (G:\Ash\VoiceKeyboard\CppGemma\project-source\src-tauri)
   Compiling tauri-macros v2.6.0
    Checking tao v0.35.0
    Checking webview2-com v0.38.2
    Finished `dev` profile [unoptimized + debuginfo] target(s) in 57.83s
